Building Windows application...                                 
flutter : CMake Deprecation Warning at C:/U
sers/Danillo/.gemini/antigravity/scratch/sp
artan_app/build/windows/x64/extracted/fireb
ase_cpp_sdk_windows/CMakeLists.txt:17 
(cmake_minimum_required):
No linha:1 caractere:1
+ flutter build windows > build_errors.txt 
2>&1
+ ~~~~~~~~~~~~~~~~~~~~~~~~~~~~~~~~~~~~~~~~~
~~~~
    + CategoryInfo          : NotSpecified 
   : (CMake Deprecati...imum_required)::S  
  tring) [], RemoteException
    + FullyQualifiedErrorId : NativeComman 
   dError
 
  Compatibility with CMake < 3.10 will be 
removed from a future version of
  CMake.

  Update the VERSION argument <min> value. 
 Or, use the <min>...<max> syntax
  to tell CMake that the project requires 
at least <min> but has been updated
  to work with policies introduced by 
<max> or earlier.


lib/screens/admin/notice_manager_screen.dar
t(581,19): error GC6690633: No named 
parameter with the name 'idBuilder'. [C:\Us
ers\Danillo\.gemini\antigravity\scratch\spa
rtan_app\build\windows\x64\flutter\flutter_
assemble.vcxproj]
C:\Program Files\Microsoft Visual Studio\18
\Community\MSBuild\Microsoft\VC\v180\Micros
oft.CppCommon.targets(254,5): error 
MSB8066: o build personalizado para 'C:\Use
rs\Danillo\.gemini\antigravity\scratch\spar
tan_app\build\windows\x64\CMakeFiles\ff8d85
5bb55cafba04d874d1eb514f0f\flutter_windows.
dll.rule;C:\Users\Danillo\.gemini\antigravi
ty\scratch\spartan_app\build\windows\x64\CM
akeFiles\1b73a950966d80831657595801f92017\f
lutter_assemble.rule' foi encerrado com o 
c├│digo 1. [C:\Users\Danillo\.gemini\antigr
avity\scratch\spartan_app\build\windows\x64
\flutter\flutter_assemble.vcxproj]
Building Windows application...                                    15,8s
Build process failed.
